// Jest Snapshot v1, https://goo.gl/fbAQLP

exports[`expect to render Card Component 1`] = `
<button
  color="red"
  onClick={[Function]}
>
  Count: 
  0
</button>
`;
